// Jest Snapshot v1, https://goo.gl/fbAQLP

exports[`transformer generates types for fastify-swagger correctly 1`] = `
Object {
  "components": Object {
    "schemas": Object {},
  },
  "info": Object {
    "description": "Sample backend service",
    "title": "SampleApi",
    "version": "1.0.0",
  },
  "openapi": "3.0.3",
  "paths": Object {
    "/login": Object {
      "post": Object {
        "requestBody": Object {
          "content": Object {
            "application/json": Object {
              "schema": Object {
                "additionalProperties": false,
                "properties": Object {
                  "password": Object {
                    "maxLength": 32,
                    "type": "string",
                  },
                  "username": Object {
                    "description": "someDescription",
                    "maxLength": 32,
                    "type": "string",
                  },
                },
                "required": Array [
                  "username",
                  "password",
                ],
                "type": "object",
              },
            },
          },
          "required": true,
        },
        "responses": Object {
          "200": Object {
            "content": Object {
              "application/json": Object {
                "schema": Object {
                  "type": "string",
                },
              },
            },
            "description": "Default Response",
          },
          "401": Object {
            "content": Object {
              "application/json": Object {
                "schema": Object {
                  "additionalProperties": false,
                  "properties": Object {
                    "required_role": Object {
                      "enum": Array [
                        "admin",
                      ],
                      "type": "string",
                    },
                  },
                  "required": Array [
                    "required_role",
                  ],
                  "type": "object",
                },
              },
            },
            "description": "Default Response",
          },
        },
      },
    },
  },
  "servers": Array [],
}
`;
